// Jest Snapshot v1, https://goo.gl/fbAQLP

exports[`should render BrawlClan 1`] = `
<div
  className="brawl-clan"
>
  <div
    className="brawl-clan__values-container"
  >
    <span>
      LEGI√ÉO PT
    </span>
    <img
      alt="icon"
      className="brawl-clan__icon"
      src="https://www.starlist.pro/img/club/0.png"
    />
  </div>
</div>
`;
